// Jest Snapshot v1, https://goo.gl/fbAQLP

exports[`test common Dashboard check Dashboard 1`] = `
<div>
  <div
    class="css-1boxdi0"
  >
    <div
      class="css-aoi44d"
    >
      <div
        class="css-174g2o2"
      >
        <a
          class="css-13lnaem"
          href="/easy-project/dashboard"
          title="Дашборд"
        >
          <div
            class="css-1povu0j"
          >
            <div
              class="css-4ucq2w"
            >
              <img
                alt="Easy project logo"
                src="test-file-stub"
              />
            </div>
            <p
              class="css-1vxbtp5"
            >
              <span>
                easy
              </span>
              <span>
                project
              </span>
            </p>
          </div>
        </a>
        <nav
          class="css-83k1q7"
        >
          <div
            class="css-16uff1u"
          >
            <span
              class="css-1c4ingb"
            >
              Дашборд
            </span>
          </div>
          <div
            class="css-16uff1u"
          >
            <button
              class="css-1640pth"
              title="language select"
              value="ru"
            >
              <img
                class="css-zlc08d"
                src="test-file-stub"
              />
            </button>
            <div
              class="css-746kv5"
            />
            <a
              class="active css-13xx20t"
              href="/easy-project/dashboard"
              title="Выход"
            >
              Выход
            </a>
          </div>
        </nav>
      </div>
    </div>
    <div
      class="css-14f5air"
    >
      <main
        class="css-mx63p3"
      >
        <div
          class="css-1iay1j5"
        >
          <div>
            <div
              class="css-q7ennu"
              id="overlay"
            >
              <div
                class="css-fslfiw"
              >
                <div
                  class="css-9rseyg"
                >
                  <button
                    class="css-4jvx38"
                  >
                    <img
                      alt="Закрыть"
                      src="test-file-stub"
                    />
                  </button>
                </div>
                <div
                  class="css-19jvvxe"
                >
                  <p
                    class="css-ovqjzh"
                  >
                    Вы действительно хотите удалить данный проект?
                  </p>
                </div>
                <div
                  class="css-106mbhu"
                >
                  <button
                    class="css-a5dza1"
                  >
                    Нет
                  </button>
                  <button
                    class="css-a5dza1"
                    data-testid="button-delete"
                  >
                    Да
                  </button>
                </div>
              </div>
            </div>
            <div
              class="css-44i7do"
            >
              <div
                class="css-3l4y0u"
              />
              <h1
                class="css-1s264hv"
              >
                Дашборд
              </h1>
            </div>
            <div
              class="css-1p9zq55"
            >
              <div
                class="css-vokxg9"
              >
                <div
                  class="css-ibdtyj"
                >
                  <div
                    class="css-1su66zo"
                  >
                    <p
                      class="css-10dvk2y"
                    >
                      Hello, world! [для стенда, не нажимать]
                    </p>
                  </div>
                  <div
                    class="css-ca8u3u"
                  >
                    <p
                      class="css-1lvqvn4"
                    >
                      Автор: testUser
                    </p>
                  </div>
                  <div
                    class="css-16qm4d5"
                  >
                    <p
                      class="css-1lvqvn4"
                    >
                      Создан: 19-04-2022
                    </p>
                  </div>
                  <div
                    class="css-16qm4d5"
                  >
                    <p
                      class="css-1lvqvn4"
                    >
                      Изменен: 19-04-2022
                    </p>
                  </div>
                </div>
                <div
                  class="css-1bn5kge"
                >
                  <a
                    class="css-1ky20yb"
                    href="/easy-project/dashboard/1"
                  >
                    <div
                      class="css-1x6z4y4"
                    >
                      <img
                        alt="Задачи"
                        src="test-file-stub"
                      />
                      <p
                        class="css-1l5tvrx"
                      >
                        Задачи
                      </p>
                    </div>
                  </a>
                  <a
                    class="css-1ky20yb"
                    href="/easy-project/dashboard/edit-project/1"
                  >
                    <div
                      class="css-1x6z4y4"
                    >
                      <img
                        alt="Редактировать"
                        src="test-file-stub"
                      />
                      <p
                        class="css-1l5tvrx"
                      >
                        Редактировать
                      </p>
                    </div>
                  </a>
                  <button
                    class="css-1exh3kr"
                    title="Удалить"
                  >
                    <img
                      alt="Удалить"
                      src="test-file-stub"
                    />
                    <p
                      class="css-1l5tvrx"
                    >
                      Удалить
                    </p>
                  </button>
                </div>
              </div>
              <div
                class="css-vokxg9"
              >
                <div
                  class="css-ibdtyj"
                >
                  <div
                    class="css-1su66zo"
                  >
                    <p
                      class="css-10dvk2y"
                    >
                      My second project [можно нажимать]
                    </p>
                  </div>
                  <div
                    class="css-ca8u3u"
                  >
                    <p
                      class="css-1lvqvn4"
                    >
                      Автор: testUser
                    </p>
                  </div>
                  <div
                    class="css-16qm4d5"
                  >
                    <p
                      class="css-1lvqvn4"
                    >
                      Создан: 19-04-2022
                    </p>
                  </div>
                  <div
                    class="css-16qm4d5"
                  >
                    <p
                      class="css-1lvqvn4"
                    >
                      Изменен: 19-04-2022
                    </p>
                  </div>
                </div>
                <div
                  class="css-1bn5kge"
                >
                  <a
                    class="css-1ky20yb"
                    href="/easy-project/dashboard/2"
                  >
                    <div
                      class="css-1x6z4y4"
                    >
                      <img
                        alt="Задачи"
                        src="test-file-stub"
                      />
                      <p
                        class="css-1l5tvrx"
                      >
                        Задачи
                      </p>
                    </div>
                  </a>
                  <a
                    class="css-1ky20yb"
                    href="/easy-project/dashboard/edit-project/2"
                  >
                    <div
                      class="css-1x6z4y4"
                    >
                      <img
                        alt="Редактировать"
                        src="test-file-stub"
                      />
                      <p
                        class="css-1l5tvrx"
                      >
                        Редактировать
                      </p>
                    </div>
                  </a>
                  <button
                    class="css-1exh3kr"
                    title="Удалить"
                  >
                    <img
                      alt="Удалить"
                      src="test-file-stub"
                    />
                    <p
                      class="css-1l5tvrx"
                    >
                      Удалить
                    </p>
                  </button>
                </div>
              </div>
              <div
                class="css-vokxg9"
              >
                <div
                  class="css-ibdtyj"
                >
                  <div
                    class="css-1su66zo"
                  >
                    <p
                      class="css-10dvk2y"
                    >
                      Final project [для стенда, не нажимать]
                    </p>
                  </div>
                  <div
                    class="css-ca8u3u"
                  >
                    <p
                      class="css-1lvqvn4"
                    >
                      Автор: testUser
                    </p>
                  </div>
                  <div
                    class="css-16qm4d5"
                  >
                    <p
                      class="css-1lvqvn4"
                    >
                      Создан: 19-04-2022
                    </p>
                  </div>
                  <div
                    class="css-16qm4d5"
                  >
                    <p
                      class="css-1lvqvn4"
                    >
                      Изменен: 19-04-2022
                    </p>
                  </div>
                </div>
                <div
                  class="css-1bn5kge"
                >
                  <a
                    class="css-1ky20yb"
                    href="/easy-project/dashboard/3"
                  >
                    <div
                      class="css-1x6z4y4"
                    >
                      <img
                        alt="Задачи"
                        src="test-file-stub"
                      />
                      <p
                        class="css-1l5tvrx"
                      >
                        Задачи
                      </p>
                    </div>
                  </a>
                  <a
                    class="css-1ky20yb"
                    href="/easy-project/dashboard/edit-project/3"
                  >
                    <div
                      class="css-1x6z4y4"
                    >
                      <img
                        alt="Редактировать"
                        src="test-file-stub"
                      />
                      <p
                        class="css-1l5tvrx"
                      >
                        Редактировать
                      </p>
                    </div>
                  </a>
                  <button
                    class="css-1exh3kr"
                    title="Удалить"
                  >
                    <img
                      alt="Удалить"
                      src="test-file-stub"
                    />
                    <p
                      class="css-1l5tvrx"
                    >
                      Удалить
                    </p>
                  </button>
                </div>
              </div>
            </div>
          </div>
          <div
            class="css-i9ol1x"
          >
            <a
              buttontheme="[object Object]"
              class="css-vkvbx5"
              href="/easy-project/dashboard/new-project"
              title="Дашборд"
            >
              Новый проект
            </a>
          </div>
        </div>
      </main>
    </div>
  </div>
</div>
`;

exports[`test common Dashboard check Dashboard 2`] = `
<button
  class="css-a5dza1"
  data-testid="button-delete"
>
  Да
</button>
`;
